<T>
  <k> . </k>
  <lenv> .Map </lenv>
  <genv> ( Foo . four ) |-> 4 ( Foo . six ) |-> 6 </genv>
  <modules>
    <Module>
      <curr> 0 </curr>
      <name> Foo </name>
      <dataCons> .TyExpList </dataCons>
      <decl> .NameList </decl>
      <importedModules> .ModNmList </importedModules>
      <exportTy> .TyExpList </exportTy>
      <exportTm> .NameList </exportTm>
    </Module>
  </modules>
</T>
