<T>
  <k> . </k>
  <lenv> .Map </lenv>
  <genv> ( Foo . c1 ) |-> ( con Prelude . True .ValList ) ( Foo . c2 ) |-> ( con Prelude . False .ValList ) </genv>
  <modules>
    <Module>
      <curr> 0 </curr>
      <name> Foo </name>
      <dataCons> .TyExpList </dataCons>
      <decl> .NameList </decl>
      <importedModules> .ModNmList </importedModules>
      <exportTy> .TyExpList </exportTy>
      <exportTm> .NameList </exportTm>
    </Module>
  </modules>
</T>
