<T>
  <k> . </k>
  <lenv> .Map </lenv>
  <genv> ( Foo . result ) |-> 21 ( Foo . swapped ) |-> ( con Nat . Pair 2  ( 1  .ValList ) ) </genv>
  <modules>
    <Module>
      <curr> 0 </curr>
      <name> Foo </name>
      <dataCons> .TyExpList </dataCons>
      <decl> .NameList </decl>
      <importedModules> Nat  .ModNmList </importedModules>
      <exportTy> .TyExpList </exportTy>
      <exportTm> .NameList </exportTm>
    </Module>
    <Module>
      <curr> 0 </curr>
      <name> Nat </name>
      <dataCons> ( MyPair ( Pair  ( NotThis  .ConList ) ) )  .TyExpList </dataCons>
      <decl> .NameList </decl>
      <importedModules> .ModNmList </importedModules>
      <exportTy> ( MyPair ( Pair  ( NotThis  .ConList ) ) )  .TyExpList </exportTy>
      <exportTm> .NameList </exportTm>
    </Module>
  </modules>
</T>
