<T>
  <k> . </k>
  <lenv> .Map </lenv>
  <genv> ( Bar . r7 ) |-> ( con Prelude . True .ValList ) ( Foo . r5 ) |-> ( con Prelude . True .ValList ) ( Foo . r2 ) |-> ( con Prelude . False .ValList ) ( Foo . r1 ) |-> 2 ( Foo . r6 ) |-> ( con Prelude . False .ValList ) </genv>
  <modules>
    <Module>
      <curr> 0 </curr>
      <name> Bar </name>
      <dataCons> .TyExpList </dataCons>
      <decl> .NameList </decl>
      <importedModules> Foo  .ModNmList </importedModules>
      <exportTy> .TyExpList </exportTy>
      <exportTm> .NameList </exportTm>
    </Module>
    <Module>
      <curr> 0 </curr>
      <name> Foo </name>
      <dataCons> .TyExpList </dataCons>
      <decl> r1  .NameList </decl>
      <importedModules> .ModNmList </importedModules>
      <exportTy> .TyExpList </exportTy>
      <exportTm> r1  .NameList </exportTm>
    </Module>
  </modules>
</T>
