<T>
  <k> . </k>
  <lenv> .Map </lenv>
  <genv> ( Foo . bs7 ) |-> #0 ( Foo . bs5 ) |-> #11 ( Foo . bs6 ) |-> #93E2 ( Foo . bs3 ) |-> #F ( Foo . bs4 ) |-> #10 ( Foo . bs1 ) |-> #468 ( Foo . bs2 ) |-> #9 </genv>
  <modules>
    <Module>
      <curr> 0 </curr>
      <name> Foo </name>
      <dataCons> .TyExpList </dataCons>
      <decl> .NameList </decl>
      <importedModules> .ModNmList </importedModules>
      <exportTy> .TyExpList </exportTy>
      <exportTm> .NameList </exportTm>
    </Module>
  </modules>
</T>
