<T>
  <k> . </k>
  <lenv> .Map </lenv>
  <genv> ( Foo . r4 ) |-> 35 ( Foo . r5 ) |-> #B ( Foo . r2 ) |-> 13 ( Foo . r3 ) |-> 30 ( Foo . r1 ) |-> 2 </genv>
  <modules>
    <Module>
      <curr> 0 </curr>
      <name> Foo </name>
      <dataCons> .TyExpList </dataCons>
      <decl> .NameList </decl>
      <importedModules> .ModNmList </importedModules>
      <exportTy> .TyExpList </exportTy>
      <exportTm> .NameList </exportTm>
    </Module>
  </modules>
</T>
