<generatedTop>
  <k>
    int ( 1 , 11 )
  </k>
  <env>
    .Map
  </env>
</generatedTop>
