<generatedTop>
  <k>
    int ( 1 , 2 )
  </k>
  <env>
    .Map
  </env>
  <store>
    .Map
  </store>
</generatedTop>
