<generatedTop>
  <k>
    ( con 3 ! 6 )
  </k>
  <env>
    .Map
  </env>
</generatedTop>
