<generatedTop>
  <k>
    int ( 2 , -95 )
  </k>
  <env>
    .Map
  </env>
</generatedTop>
