<generatedTop>
  <k>
    ( con 2 ! 99 )
  </k>
  <env>
    .Map
  </env>
</generatedTop>
