<generatedTop>
  <k>
    ( con 5 ! 55 )
  </k>
  <env>
    .Map
  </env>
</generatedTop>
