<generatedTop>
  <k>
    int ( 5 , 55 )
  </k>
  <env>
    .Map
  </env>
</generatedTop>
